2026-08-19 21:23:28,683 [INFO] 開始抓取主動式 ETF 完整持股明細
2026-08-19 21:23:30,832 [INFO] 嘗試使用 channel='msedge' 啟動 Microsoft Edge
2026-08-19 21:23:31,353 [INFO] 開始抓取完整持股: 00981A https://www.etfinfo.tw/etf/00981A/holdings
2026-08-19 21:23:38,905 [INFO] 00981A 第 1 頁抓到 15 筆
2026-08-19 21:23:40,313 [INFO] 00981A 第 2 頁抓到 15 筆
2026-08-19 21:23:41,655 [INFO] 00981A 第 3 頁抓到 15 筆
2026-08-19 21:23:43,001 [INFO] 00981A 第 4 頁抓到 6 筆
2026-08-19 21:23:43,068 [INFO] 00981A 沒有下一頁，翻頁結束
2026-08-19 21:23:43,164 [INFO] 欄位判斷結果：股票代碼欄=代號 ↕名稱, 股票名稱欄=None, 權重欄=權重 ↓, 股數欄=股數 ↕
2026-08-19 21:23:43,194 [INFO] 00981A 完整抓取完成，去重後共 50 筆
2026-08-19 21:23:43,671 [INFO] 00981A Excel 已儲存: etf_holdings\2026-08-19_00981A_full_holdings.xlsx
2026-08-19 21:23:43,719 [INFO] 欄位判斷結果：股票代碼欄=代號 ↕名稱, 股票名稱欄=None, 權重欄=權重 ↓, 股數欄=股數 ↕
2026-08-19 21:23:43,744 [INFO] 欄位判斷結果：股票代碼欄=代號 ↕名稱, 股票名稱欄=None, 權重欄=權重 ↓, 股數欄=股數 ↕
2026-08-19 21:23:43,815 [INFO] 00981A 已完成每日異動比較，有異動 31 筆，基準檔案：etf_holdings\2026-08-18_00981A_full_holdings.xlsx
2026-08-19 21:23:43,815 [INFO] 開始抓取完整持股: 00991A https://www.etfinfo.tw/etf/00991A/holdings
2026-08-19 21:23:51,193 [INFO] 00991A 第 1 頁抓到 15 筆
2026-08-19 21:23:52,546 [INFO] 00991A 第 2 頁抓到 15 筆
2026-08-19 21:23:53,859 [INFO] 00991A 第 3 頁抓到 15 筆
2026-08-19 21:23:55,161 [INFO] 00991A 第 4 頁抓到 5 筆
2026-08-19 21:23:55,213 [INFO] 00991A 沒有下一頁，翻頁結束
2026-08-19 21:23:55,284 [INFO] 欄位判斷結果：股票代碼欄=代號 ↕名稱, 股票名稱欄=None, 權重欄=權重 ↓, 股數欄=股數 ↕
2026-08-19 21:23:55,289 [INFO] 00991A 完整抓取完成，去重後共 50 筆
2026-08-19 21:23:55,325 [INFO] 00991A Excel 已儲存: etf_holdings\2026-08-19_00991A_full_holdings.xlsx
2026-08-19 21:23:55,358 [INFO] 欄位判斷結果：股票代碼欄=代號 ↕名稱, 股票名稱欄=None, 權重欄=權重 ↓, 股數欄=股數 ↕
2026-08-19 21:23:55,382 [INFO] 欄位判斷結果：股票代碼欄=代號 ↕名稱, 股票名稱欄=None, 權重欄=權重 ↓, 股數欄=股數 ↕
2026-08-19 21:23:55,428 [INFO] 00991A 已完成每日異動比較，有異動 11 筆，基準檔案：etf_holdings\2026-08-18_00991A_full_holdings.xlsx
2026-08-19 21:23:55,429 [INFO] 開始抓取完整持股: 00980A https://www.etfinfo.tw/etf/00980A/holdings
2026-08-19 21:24:02,408 [INFO] 00980A 第 1 頁抓到 15 筆
2026-08-19 21:24:03,757 [INFO] 00980A 第 2 頁抓到 15 筆
2026-08-19 21:24:05,101 [INFO] 00980A 第 3 頁抓到 15 筆
2026-08-19 21:24:06,452 [INFO] 00980A 第 4 頁抓到 5 筆
2026-08-19 21:24:06,498 [INFO] 00980A 沒有下一頁，翻頁結束
2026-08-19 21:24:06,603 [INFO] 欄位判斷結果：股票代碼欄=代號 ↕名稱, 股票名稱欄=None, 權重欄=權重 ↓, 股數欄=股數 ↕
2026-08-19 21:24:06,608 [INFO] 00980A 完整抓取完成，去重後共 50 筆
2026-08-19 21:24:06,654 [INFO] 00980A Excel 已儲存: etf_holdings\2026-08-19_00980A_full_holdings.xlsx
2026-08-19 21:24:06,704 [INFO] 欄位判斷結果：股票代碼欄=代號 ↕名稱, 股票名稱欄=None, 權重欄=權重 ↓, 股數欄=股數 ↕
2026-08-19 21:24:06,736 [INFO] 欄位判斷結果：股票代碼欄=代號 ↕名稱, 股票名稱欄=None, 權重欄=權重 ↓, 股數欄=股數 ↕
2026-08-19 21:24:06,783 [INFO] 00980A 已完成每日異動比較，有異動 18 筆，基準檔案：etf_holdings\2026-08-18_00980A_full_holdings.xlsx
2026-08-19 21:24:06,784 [INFO] 開始抓取完整持股: 00982A https://www.etfinfo.tw/etf/00982A/holdings
2026-08-19 21:24:13,782 [INFO] 00982A 第 1 頁抓到 15 筆
2026-08-19 21:24:15,150 [INFO] 00982A 第 2 頁抓到 15 筆
2026-08-19 21:24:16,503 [INFO] 00982A 第 3 頁抓到 15 筆
2026-08-19 21:24:17,834 [INFO] 00982A 第 4 頁抓到 15 筆
2026-08-19 21:24:19,155 [INFO] 00982A 第 5 頁抓到 10 筆
2026-08-19 21:24:19,204 [INFO] 00982A 沒有下一頁，翻頁結束
2026-08-19 21:24:19,282 [INFO] 欄位判斷結果：股票代碼欄=代號 ↕名稱, 股票名稱欄=None, 權重欄=權重 ↓, 股數欄=股數 ↕
2026-08-19 21:24:19,289 [INFO] 00982A 完整抓取完成，去重後共 70 筆
2026-08-19 21:24:19,343 [INFO] 00982A Excel 已儲存: etf_holdings\2026-08-19_00982A_full_holdings.xlsx
2026-08-19 21:24:19,393 [INFO] 欄位判斷結果：股票代碼欄=代號 ↕名稱, 股票名稱欄=None, 權重欄=權重 ↓, 股數欄=股數 ↕
2026-08-19 21:24:19,418 [INFO] 欄位判斷結果：股票代碼欄=代號 ↕名稱, 股票名稱欄=None, 權重欄=權重 ↓, 股數欄=股數 ↕
2026-08-19 21:24:19,458 [INFO] 00982A 已完成每日異動比較，有異動 36 筆，基準檔案：etf_holdings\2026-08-18_00982A_full_holdings.xlsx
2026-08-19 21:24:19,459 [INFO] 開始抓取完整持股: 00403A https://www.etfinfo.tw/etf/00403A/holdings
2026-08-19 21:24:27,486 [INFO] 00403A 第 1 頁抓到 15 筆
2026-08-19 21:24:28,858 [INFO] 00403A 第 2 頁抓到 15 筆
2026-08-19 21:24:30,219 [INFO] 00403A 第 3 頁抓到 15 筆
2026-08-19 21:24:31,587 [INFO] 00403A 第 4 頁抓到 5 筆
2026-08-19 21:24:31,661 [INFO] 00403A 沒有下一頁，翻頁結束
2026-08-19 21:24:31,741 [INFO] 欄位判斷結果：股票代碼欄=代號 ↕名稱, 股票名稱欄=None, 權重欄=權重 ↓, 股數欄=股數 ↕
2026-08-19 21:24:31,749 [INFO] 00403A 完整抓取完成，去重後共 50 筆
2026-08-19 21:24:31,787 [INFO] 00403A Excel 已儲存: etf_holdings\2026-08-19_00403A_full_holdings.xlsx
2026-08-19 21:24:31,832 [INFO] 欄位判斷結果：股票代碼欄=代號 ↕名稱, 股票名稱欄=None, 權重欄=權重 ↓, 股數欄=股數 ↕
2026-08-19 21:24:31,858 [INFO] 欄位判斷結果：股票代碼欄=代號 ↕名稱, 股票名稱欄=None, 權重欄=權重 ↓, 股數欄=股數 ↕
2026-08-19 21:24:31,923 [INFO] 00403A 已完成每日異動比較，有異動 12 筆，基準檔案：etf_holdings\2026-08-18_00403A_full_holdings.xlsx
2026-08-19 21:24:31,924 [INFO] 開始抓取完整持股: 00985A https://www.etfinfo.tw/etf/00985A/holdings
2026-08-19 21:24:39,069 [INFO] 00985A 第 1 頁抓到 15 筆
2026-08-19 21:24:40,434 [INFO] 00985A 第 2 頁抓到 15 筆
2026-08-19 21:24:41,749 [INFO] 00985A 第 3 頁抓到 15 筆
2026-08-19 21:24:43,062 [INFO] 00985A 第 4 頁抓到 5 筆
2026-08-19 21:24:43,122 [INFO] 00985A 沒有下一頁，翻頁結束
2026-08-19 21:24:43,201 [INFO] 欄位判斷結果：股票代碼欄=代號 ↕名稱, 股票名稱欄=None, 權重欄=權重 ↓, 股數欄=股數 ↕
2026-08-19 21:24:43,210 [INFO] 00985A 完整抓取完成，去重後共 50 筆
2026-08-19 21:24:43,258 [INFO] 00985A Excel 已儲存: etf_holdings\2026-08-19_00985A_full_holdings.xlsx
2026-08-19 21:24:43,295 [INFO] 欄位判斷結果：股票代碼欄=代號 ↕名稱, 股票名稱欄=None, 權重欄=權重 ↓, 股數欄=股數 ↕
2026-08-19 21:24:43,314 [INFO] 欄位判斷結果：股票代碼欄=代號 ↕名稱, 股票名稱欄=None, 權重欄=權重 ↓, 股數欄=股數 ↕
2026-08-19 21:24:43,357 [INFO] 00985A 已完成每日異動比較，有異動 23 筆，基準檔案：etf_holdings\2026-08-18_00985A_full_holdings.xlsx
2026-08-19 21:24:43,897 [INFO] 合併完整持股檔已儲存: etf_holdings\2026-08-19_active_etf_full_holdings_all.xlsx
2026-08-19 21:24:43,940 [INFO] 每日異動 Excel 已儲存: etf_holdings\2026-08-19_daily_changes_changed_only.xlsx
2026-08-19 21:24:44,096 [INFO] ETF=00981A, Direction=減碼, ShareChange=-1,000
2026-08-19 21:24:44,096 [INFO] ETF=00991A, Direction=減碼, ShareChange=-60,000
2026-08-19 21:24:44,096 [INFO] ETF=00980A, Direction=減碼, ShareChange=-4,000
2026-08-19 21:24:44,096 [INFO] ETF=00985A, Direction=全數賣出, ShareChange=
2026-08-19 21:24:44,120 [INFO] 共同每日異動股票共 28 檔
2026-08-19 21:24:44,120 [INFO] 共同每日異動 Excel 已儲存: etf_holdings\2026-08-19_common_daily_changes_min2_00981A_00991A_00980A_00982A_00403A_00985A.xlsx
2026-08-19 21:24:44,121 [INFO] 共同每日異動 Summary 已儲存: etf_holdings\2026-08-19_common_daily_changes_summary.xlsx
2026-08-19 21:24:44,146 [INFO] 欄位判斷結果：股票代碼欄=代號 ↕名稱, 股票名稱欄=None, 權重欄=權重 ↓, 股數欄=股數 ↕
2026-08-19 21:24:44,258 [INFO] 全部 ETF 共同持股共 11 檔
2026-08-19 21:24:44,258 [INFO] 全部共同持股 Excel 已儲存: etf_holdings\2026-08-19_common_holdings_all_00981A_00991A_00980A_00982A_00403A_00985A.xlsx
2026-08-19 21:24:44,258 [INFO] 程式結束
2026-08-20 08:56:35,618 [INFO] 開始抓取主動式 ETF 完整持股明細
2026-08-20 08:56:37,660 [INFO] 嘗試使用 channel='msedge' 啟動 Microsoft Edge
2026-08-20 08:56:38,031 [INFO] 開始抓取完整持股: 00981A https://www.etfinfo.tw/etf/00981A/holdings
2026-08-20 08:57:19,509 [INFO] 00981A 第 1 頁抓到 15 筆
2026-08-20 08:57:20,848 [INFO] 00981A 第 2 頁抓到 15 筆
2026-08-20 08:57:22,194 [INFO] 00981A 第 3 頁抓到 15 筆
2026-08-20 08:57:23,530 [INFO] 00981A 第 4 頁抓到 6 筆
2026-08-20 08:57:23,577 [INFO] 00981A 沒有下一頁，翻頁結束
2026-08-20 08:57:23,648 [INFO] 欄位判斷結果：股票代碼欄=代號 ↕名稱, 股票名稱欄=None, 權重欄=權重 ↓, 股數欄=股數 ↕
2026-08-20 08:57:23,675 [INFO] 00981A 完整抓取完成，去重後共 50 筆
2026-08-20 08:57:24,075 [INFO] 00981A Excel 已儲存: etf_holdings\2026-08-20_00981A_full_holdings.xlsx
2026-08-20 08:57:24,109 [INFO] 欄位判斷結果：股票代碼欄=代號 ↕名稱, 股票名稱欄=None, 權重欄=權重 ↓, 股數欄=股數 ↕
2026-08-20 08:57:24,128 [INFO] 欄位判斷結果：股票代碼欄=代號 ↕名稱, 股票名稱欄=None, 權重欄=權重 ↓, 股數欄=股數 ↕
2026-08-20 08:57:24,182 [INFO] 00981A 已完成每日異動比較，沒有異動，基準檔案：etf_holdings\2026-08-19_00981A_full_holdings.xlsx
2026-08-20 08:57:24,183 [INFO] 開始抓取完整持股: 00991A https://www.etfinfo.tw/etf/00991A/holdings
2026-08-20 08:57:36,969 [INFO] 00991A 第 1 頁抓到 15 筆
2026-08-20 08:57:38,295 [INFO] 00991A 第 2 頁抓到 15 筆
2026-08-20 08:57:39,895 [INFO] 00991A 第 3 頁抓到 15 筆
2026-08-20 08:57:41,182 [INFO] 00991A 第 4 頁抓到 5 筆
2026-08-20 08:57:41,223 [INFO] 00991A 沒有下一頁，翻頁結束
2026-08-20 08:57:41,283 [INFO] 欄位判斷結果：股票代碼欄=代號 ↕名稱, 股票名稱欄=None, 權重欄=權重 ↓, 股數欄=股數 ↕
2026-08-20 08:57:41,288 [INFO] 00991A 完整抓取完成，去重後共 50 筆
2026-08-20 08:57:41,316 [INFO] 00991A Excel 已儲存: etf_holdings\2026-08-20_00991A_full_holdings.xlsx
2026-08-20 08:57:41,353 [INFO] 欄位判斷結果：股票代碼欄=代號 ↕名稱, 股票名稱欄=None, 權重欄=權重 ↓, 股數欄=股數 ↕
2026-08-20 08:57:41,370 [INFO] 欄位判斷結果：股票代碼欄=代號 ↕名稱, 股票名稱欄=None, 權重欄=權重 ↓, 股數欄=股數 ↕
2026-08-20 08:57:41,391 [INFO] 00991A 已完成每日異動比較，沒有異動，基準檔案：etf_holdings\2026-08-19_00991A_full_holdings.xlsx
2026-08-20 08:57:41,392 [INFO] 開始抓取完整持股: 00980A https://www.etfinfo.tw/etf/00980A/holdings
2026-08-20 08:57:54,315 [INFO] 00980A 第 1 頁抓到 15 筆
2026-08-20 08:57:55,639 [INFO] 00980A 第 2 頁抓到 15 筆
2026-08-20 08:57:56,943 [INFO] 00980A 第 3 頁抓到 15 筆
2026-08-20 08:57:58,253 [INFO] 00980A 第 4 頁抓到 5 筆
2026-08-20 08:57:58,296 [INFO] 00980A 沒有下一頁，翻頁結束
2026-08-20 08:57:58,362 [INFO] 欄位判斷結果：股票代碼欄=代號 ↕名稱, 股票名稱欄=None, 權重欄=權重 ↓, 股數欄=股數 ↕
2026-08-20 08:57:58,367 [INFO] 00980A 完整抓取完成，去重後共 50 筆
2026-08-20 08:57:58,397 [INFO] 00980A Excel 已儲存: etf_holdings\2026-08-20_00980A_full_holdings.xlsx
2026-08-20 08:57:58,427 [INFO] 欄位判斷結果：股票代碼欄=代號 ↕名稱, 股票名稱欄=None, 權重欄=權重 ↓, 股數欄=股數 ↕
2026-08-20 08:57:58,444 [INFO] 欄位判斷結果：股票代碼欄=代號 ↕名稱, 股票名稱欄=None, 權重欄=權重 ↓, 股數欄=股數 ↕
2026-08-20 08:57:58,473 [INFO] 00980A 已完成每日異動比較，沒有異動，基準檔案：etf_holdings\2026-08-19_00980A_full_holdings.xlsx
2026-08-20 08:57:58,473 [INFO] 開始抓取完整持股: 00982A https://www.etfinfo.tw/etf/00982A/holdings
2026-08-20 08:58:12,208 [INFO] 00982A 第 1 頁抓到 15 筆
2026-08-20 08:58:13,522 [INFO] 00982A 第 2 頁抓到 15 筆
2026-08-20 08:58:14,952 [INFO] 00982A 第 3 頁抓到 15 筆
2026-08-20 08:58:16,253 [INFO] 00982A 第 4 頁抓到 15 筆
2026-08-20 08:58:17,537 [INFO] 00982A 第 5 頁抓到 10 筆
2026-08-20 08:58:17,579 [INFO] 00982A 沒有下一頁，翻頁結束
2026-08-20 08:58:17,640 [INFO] 欄位判斷結果：股票代碼欄=代號 ↕名稱, 股票名稱欄=None, 權重欄=權重 ↓, 股數欄=股數 ↕
2026-08-20 08:58:17,647 [INFO] 00982A 完整抓取完成，去重後共 70 筆
2026-08-20 08:58:17,683 [INFO] 00982A Excel 已儲存: etf_holdings\2026-08-20_00982A_full_holdings.xlsx
2026-08-20 08:58:17,718 [INFO] 欄位判斷結果：股票代碼欄=代號 ↕名稱, 股票名稱欄=None, 權重欄=權重 ↓, 股數欄=股數 ↕
2026-08-20 08:58:17,734 [INFO] 欄位判斷結果：股票代碼欄=代號 ↕名稱, 股票名稱欄=None, 權重欄=權重 ↓, 股數欄=股數 ↕
2026-08-20 08:58:17,758 [INFO] 00982A 已完成每日異動比較，沒有異動，基準檔案：etf_holdings\2026-08-19_00982A_full_holdings.xlsx
2026-08-20 08:58:17,758 [INFO] 開始抓取完整持股: 00403A https://www.etfinfo.tw/etf/00403A/holdings
2026-08-20 08:59:01,652 [INFO] 00403A 第 1 頁抓到 15 筆
2026-08-20 08:59:03,010 [INFO] 00403A 第 2 頁抓到 15 筆
2026-08-20 08:59:04,384 [INFO] 00403A 第 3 頁抓到 15 筆
2026-08-20 08:59:05,754 [INFO] 00403A 第 4 頁抓到 5 筆
2026-08-20 08:59:05,826 [INFO] 00403A 沒有下一頁，翻頁結束
2026-08-20 08:59:05,913 [INFO] 欄位判斷結果：股票代碼欄=代號 ↕名稱, 股票名稱欄=None, 權重欄=權重 ↓, 股數欄=股數 ↕
2026-08-20 08:59:05,922 [INFO] 00403A 完整抓取完成，去重後共 50 筆
2026-08-20 08:59:05,973 [INFO] 00403A Excel 已儲存: etf_holdings\2026-08-20_00403A_full_holdings.xlsx
2026-08-20 08:59:06,029 [INFO] 欄位判斷結果：股票代碼欄=代號 ↕名稱, 股票名稱欄=None, 權重欄=權重 ↓, 股數欄=股數 ↕
2026-08-20 08:59:06,061 [INFO] 欄位判斷結果：股票代碼欄=代號 ↕名稱, 股票名稱欄=None, 權重欄=權重 ↓, 股數欄=股數 ↕
2026-08-20 08:59:06,086 [INFO] 00403A 已完成每日異動比較，沒有異動，基準檔案：etf_holdings\2026-08-19_00403A_full_holdings.xlsx
2026-08-20 08:59:06,086 [INFO] 開始抓取完整持股: 00985A https://www.etfinfo.tw/etf/00985A/holdings
2026-08-20 08:59:24,032 [INFO] 00985A 第 1 頁抓到 15 筆
2026-08-20 08:59:25,415 [INFO] 00985A 第 2 頁抓到 15 筆
2026-08-20 08:59:26,750 [INFO] 00985A 第 3 頁抓到 15 筆
2026-08-20 08:59:28,082 [INFO] 00985A 第 4 頁抓到 5 筆
2026-08-20 08:59:28,140 [INFO] 00985A 沒有下一頁，翻頁結束
2026-08-20 08:59:28,226 [INFO] 欄位判斷結果：股票代碼欄=代號 ↕名稱, 股票名稱欄=None, 權重欄=權重 ↓, 股數欄=股數 ↕
2026-08-20 08:59:28,235 [INFO] 00985A 完整抓取完成，去重後共 50 筆
2026-08-20 08:59:28,288 [INFO] 00985A Excel 已儲存: etf_holdings\2026-08-20_00985A_full_holdings.xlsx
2026-08-20 08:59:28,347 [INFO] 欄位判斷結果：股票代碼欄=代號 ↕名稱, 股票名稱欄=None, 權重欄=權重 ↓, 股數欄=股數 ↕
2026-08-20 08:59:28,372 [INFO] 欄位判斷結果：股票代碼欄=代號 ↕名稱, 股票名稱欄=None, 權重欄=權重 ↓, 股數欄=股數 ↕
2026-08-20 08:59:28,406 [INFO] 00985A 已完成每日異動比較，沒有異動，基準檔案：etf_holdings\2026-08-19_00985A_full_holdings.xlsx
2026-08-20 08:59:29,095 [INFO] 合併完整持股檔已儲存: etf_holdings\2026-08-20_active_etf_full_holdings_all.xlsx
2026-08-20 08:59:29,095 [WARNING] 沒有產生每日異動檔案，代表沒有異動或找不到前一份持股檔。
2026-08-20 08:59:29,095 [WARNING] 沒有找到至少 2 檔 ETF 同時異動的股票。
2026-08-20 08:59:29,133 [INFO] 欄位判斷結果：股票代碼欄=代號 ↕名稱, 股票名稱欄=None, 權重欄=權重 ↓, 股數欄=股數 ↕
2026-08-20 08:59:29,369 [INFO] 全部 ETF 共同持股共 11 檔
2026-08-20 08:59:29,369 [INFO] 全部共同持股 Excel 已儲存: etf_holdings\2026-08-20_common_holdings_all_00981A_00991A_00980A_00982A_00403A_00985A.xlsx
2026-08-20 08:59:29,369 [INFO] 程式結束
2026-08-21 08:45:51,869 [INFO] 開始抓取主動式 ETF 完整持股明細
2026-08-21 08:45:53,379 [INFO] 嘗試使用 channel='msedge' 啟動 Microsoft Edge
2026-08-21 08:45:53,687 [INFO] 開始抓取完整持股: 00981A https://www.etfinfo.tw/etf/00981A/holdings
2026-08-21 08:46:02,016 [INFO] 00981A 第 1 頁抓到 15 筆
2026-08-21 08:46:03,336 [INFO] 00981A 第 2 頁抓到 15 筆
2026-08-21 08:46:04,631 [INFO] 00981A 第 3 頁抓到 15 筆
2026-08-21 08:46:05,933 [INFO] 00981A 第 4 頁抓到 6 筆
2026-08-21 08:46:05,971 [INFO] 00981A 沒有下一頁，翻頁結束
2026-08-21 08:46:06,041 [INFO] 欄位判斷結果：股票代碼欄=代號 ↕名稱, 股票名稱欄=None, 權重欄=權重 ↓, 股數欄=股數 ↕
2026-08-21 08:46:06,064 [INFO] 00981A 完整抓取完成，去重後共 50 筆
2026-08-21 08:46:06,379 [INFO] 00981A Excel 已儲存: etf_holdings\2026-08-21_00981A_full_holdings.xlsx
2026-08-21 08:46:06,406 [INFO] 欄位判斷結果：股票代碼欄=代號 ↕名稱, 股票名稱欄=None, 權重欄=權重 ↓, 股數欄=股數 ↕
2026-08-21 08:46:06,421 [INFO] 欄位判斷結果：股票代碼欄=代號 ↕名稱, 股票名稱欄=None, 權重欄=權重 ↓, 股數欄=股數 ↕
2026-08-21 08:46:06,472 [INFO] 00981A 已完成每日異動比較，有異動 5 筆，基準檔案：etf_holdings\2026-08-20_00981A_full_holdings.xlsx
2026-08-21 08:46:06,473 [INFO] 開始抓取完整持股: 00991A https://www.etfinfo.tw/etf/00991A/holdings
2026-08-21 08:46:14,527 [INFO] 00991A 第 1 頁抓到 15 筆
2026-08-21 08:46:15,862 [INFO] 00991A 第 2 頁抓到 15 筆
2026-08-21 08:46:17,175 [INFO] 00991A 第 3 頁抓到 15 筆
2026-08-21 08:46:18,479 [INFO] 00991A 第 4 頁抓到 5 筆
2026-08-21 08:46:18,528 [INFO] 00991A 沒有下一頁，翻頁結束
2026-08-21 08:46:18,592 [INFO] 欄位判斷結果：股票代碼欄=代號 ↕名稱, 股票名稱欄=None, 權重欄=權重 ↓, 股數欄=股數 ↕
2026-08-21 08:46:18,598 [INFO] 00991A 完整抓取完成，去重後共 50 筆
2026-08-21 08:46:18,631 [INFO] 00991A Excel 已儲存: etf_holdings\2026-08-21_00991A_full_holdings.xlsx
2026-08-21 08:46:18,659 [INFO] 欄位判斷結果：股票代碼欄=代號 ↕名稱, 股票名稱欄=None, 權重欄=權重 ↓, 股數欄=股數 ↕
2026-08-21 08:46:18,675 [INFO] 欄位判斷結果：股票代碼欄=代號 ↕名稱, 股票名稱欄=None, 權重欄=權重 ↓, 股數欄=股數 ↕
2026-08-21 08:46:18,702 [INFO] 00991A 已完成每日異動比較，有異動 5 筆，基準檔案：etf_holdings\2026-08-20_00991A_full_holdings.xlsx
2026-08-21 08:46:18,702 [INFO] 開始抓取完整持股: 00980A https://www.etfinfo.tw/etf/00980A/holdings
2026-08-21 08:46:26,958 [INFO] 00980A 第 1 頁抓到 15 筆
2026-08-21 08:46:28,271 [INFO] 00980A 第 2 頁抓到 15 筆
2026-08-21 08:46:29,581 [INFO] 00980A 第 3 頁抓到 15 筆
2026-08-21 08:46:30,866 [INFO] 00980A 第 4 頁抓到 5 筆
2026-08-21 08:46:30,907 [INFO] 00980A 沒有下一頁，翻頁結束
2026-08-21 08:46:30,965 [INFO] 欄位判斷結果：股票代碼欄=代號 ↕名稱, 股票名稱欄=None, 權重欄=權重 ↓, 股數欄=股數 ↕
2026-08-21 08:46:30,969 [INFO] 00980A 完整抓取完成，去重後共 50 筆
2026-08-21 08:46:30,994 [INFO] 00980A Excel 已儲存: etf_holdings\2026-08-21_00980A_full_holdings.xlsx
2026-08-21 08:46:31,024 [INFO] 欄位判斷結果：股票代碼欄=代號 ↕名稱, 股票名稱欄=None, 權重欄=權重 ↓, 股數欄=股數 ↕
2026-08-21 08:46:31,038 [INFO] 欄位判斷結果：股票代碼欄=代號 ↕名稱, 股票名稱欄=None, 權重欄=權重 ↓, 股數欄=股數 ↕
2026-08-21 08:46:31,064 [INFO] 00980A 已完成每日異動比較，沒有異動，基準檔案：etf_holdings\2026-08-20_00980A_full_holdings.xlsx
2026-08-21 08:46:31,064 [INFO] 開始抓取完整持股: 00982A https://www.etfinfo.tw/etf/00982A/holdings
2026-08-21 08:46:45,920 [INFO] 00982A 第 1 頁抓到 15 筆
2026-08-21 08:46:47,233 [INFO] 00982A 第 2 頁抓到 15 筆
2026-08-21 08:46:48,544 [INFO] 00982A 第 3 頁抓到 15 筆
2026-08-21 08:46:49,842 [INFO] 00982A 第 4 頁抓到 13 筆
2026-08-21 08:46:49,883 [INFO] 00982A 沒有下一頁，翻頁結束
2026-08-21 08:46:49,942 [INFO] 欄位判斷結果：股票代碼欄=代號 ↕名稱, 股票名稱欄=None, 權重欄=權重 ↓, 股數欄=股數 ↕
2026-08-21 08:46:49,950 [INFO] 00982A 完整抓取完成，去重後共 58 筆
2026-08-21 08:46:49,992 [INFO] 00982A Excel 已儲存: etf_holdings\2026-08-21_00982A_full_holdings.xlsx
2026-08-21 08:46:50,022 [INFO] 欄位判斷結果：股票代碼欄=代號 ↕名稱, 股票名稱欄=None, 權重欄=權重 ↓, 股數欄=股數 ↕
2026-08-21 08:46:50,042 [INFO] 欄位判斷結果：股票代碼欄=代號 ↕名稱, 股票名稱欄=None, 權重欄=權重 ↓, 股數欄=股數 ↕
2026-08-21 08:46:50,077 [INFO] 00982A 已完成每日異動比較，有異動 44 筆，基準檔案：etf_holdings\2026-08-20_00982A_full_holdings.xlsx
2026-08-21 08:46:50,077 [INFO] 開始抓取完整持股: 00403A https://www.etfinfo.tw/etf/00403A/holdings
2026-08-21 08:47:01,102 [INFO] 00403A 第 1 頁抓到 15 筆
2026-08-21 08:47:02,422 [INFO] 00403A 第 2 頁抓到 15 筆
2026-08-21 08:47:03,719 [INFO] 00403A 第 3 頁抓到 15 筆
2026-08-21 08:47:05,003 [INFO] 00403A 第 4 頁抓到 5 筆
2026-08-21 08:47:05,041 [INFO] 00403A 沒有下一頁，翻頁結束
2026-08-21 08:47:05,095 [INFO] 欄位判斷結果：股票代碼欄=代號 ↕名稱, 股票名稱欄=None, 權重欄=權重 ↓, 股數欄=股數 ↕
2026-08-21 08:47:05,100 [INFO] 00403A 完整抓取完成，去重後共 50 筆
2026-08-21 08:47:05,133 [INFO] 00403A Excel 已儲存: etf_holdings\2026-08-21_00403A_full_holdings.xlsx
2026-08-21 08:47:05,162 [INFO] 欄位判斷結果：股票代碼欄=代號 ↕名稱, 股票名稱欄=None, 權重欄=權重 ↓, 股數欄=股數 ↕
2026-08-21 08:47:05,178 [INFO] 欄位判斷結果：股票代碼欄=代號 ↕名稱, 股票名稱欄=None, 權重欄=權重 ↓, 股數欄=股數 ↕
2026-08-21 08:47:05,210 [INFO] 00403A 已完成每日異動比較，有異動 7 筆，基準檔案：etf_holdings\2026-08-20_00403A_full_holdings.xlsx
2026-08-21 08:47:05,211 [INFO] 開始抓取完整持股: 00985A https://www.etfinfo.tw/etf/00985A/holdings
2026-08-21 08:47:24,027 [INFO] 00985A 第 1 頁抓到 15 筆
2026-08-21 08:47:25,335 [INFO] 00985A 第 2 頁抓到 15 筆
2026-08-21 08:47:26,625 [INFO] 00985A 第 3 頁抓到 15 筆
2026-08-21 08:47:27,911 [INFO] 00985A 第 4 頁抓到 5 筆
2026-08-21 08:47:27,951 [INFO] 00985A 沒有下一頁，翻頁結束
2026-08-21 08:47:28,005 [INFO] 欄位判斷結果：股票代碼欄=代號 ↕名稱, 股票名稱欄=None, 權重欄=權重 ↓, 股數欄=股數 ↕
2026-08-21 08:47:28,010 [INFO] 00985A 完整抓取完成，去重後共 50 筆
2026-08-21 08:47:28,039 [INFO] 00985A Excel 已儲存: etf_holdings\2026-08-21_00985A_full_holdings.xlsx
2026-08-21 08:47:28,074 [INFO] 欄位判斷結果：股票代碼欄=代號 ↕名稱, 股票名稱欄=None, 權重欄=權重 ↓, 股數欄=股數 ↕
2026-08-21 08:47:28,088 [INFO] 欄位判斷結果：股票代碼欄=代號 ↕名稱, 股票名稱欄=None, 權重欄=權重 ↓, 股數欄=股數 ↕
2026-08-21 08:47:28,112 [INFO] 00985A 已完成每日異動比較，有異動 8 筆，基準檔案：etf_holdings\2026-08-20_00985A_full_holdings.xlsx
2026-08-21 08:47:28,492 [INFO] 合併完整持股檔已儲存: etf_holdings\2026-08-21_active_etf_full_holdings_all.xlsx
2026-08-21 08:47:28,516 [INFO] 每日異動 Excel 已儲存: etf_holdings\2026-08-21_daily_changes_changed_only.xlsx
2026-08-21 08:47:28,595 [INFO] ETF=00981A, Direction=加碼, ShareChange=44,000
2026-08-21 08:47:28,595 [INFO] ETF=00403A, Direction=加碼, ShareChange=40,000
2026-08-21 08:47:28,606 [INFO] 共同每日異動股票共 9 檔
2026-08-21 08:47:28,607 [INFO] 共同每日異動 Excel 已儲存: etf_holdings\2026-08-21_common_daily_changes_min2_00981A_00991A_00980A_00982A_00403A_00985A.xlsx
2026-08-21 08:47:28,607 [INFO] 共同每日異動 Summary 已儲存: etf_holdings\2026-08-21_common_daily_changes_summary.xlsx
2026-08-21 08:47:28,621 [INFO] 欄位判斷結果：股票代碼欄=代號 ↕名稱, 股票名稱欄=None, 權重欄=權重 ↓, 股數欄=股數 ↕
2026-08-21 08:47:28,691 [INFO] 全部 ETF 共同持股共 10 檔
2026-08-21 08:47:28,691 [INFO] 全部共同持股 Excel 已儲存: etf_holdings\2026-08-21_common_holdings_all_00981A_00991A_00980A_00982A_00403A_00985A.xlsx
2026-08-21 08:47:28,691 [INFO] 程式結束
2026-08-21 06:40:30,781 [INFO] 開始抓取主動式 ETF 完整持股明細
2026-08-21 06:40:31,110 [INFO] 嘗試使用 channel='msedge' 啟動 Microsoft Edge
2026-08-21 06:40:47,795 [INFO] 開始抓取完整持股: 00981A https://www.etfinfo.tw/etf/00981A/holdings
2026-08-21 06:41:00,036 [INFO] 00981A 第 1 頁抓到 15 筆
2026-08-21 06:41:02,949 [INFO] 00981A 第 2 頁抓到 15 筆
2026-08-21 06:41:04,244 [INFO] 00981A 第 3 頁抓到 15 筆
2026-08-21 06:41:05,617 [INFO] 00981A 第 4 頁抓到 6 筆
2026-08-21 06:41:05,645 [INFO] 00981A 沒有下一頁，翻頁結束
2026-08-21 06:41:05,815 [INFO] 欄位判斷結果：股票代碼欄=代號 ↕名稱, 股票名稱欄=None, 權重欄=權重 ↓, 股數欄=股數 ↕
2026-08-21 06:41:05,819 [INFO] 00981A 完整抓取完成，去重後共 50 筆
2026-08-21 06:41:06,002 [INFO] 00981A Excel 已儲存: etf_holdings/2026-08-21_00981A_full_holdings.xlsx
2026-08-21 06:41:06,026 [INFO] 欄位判斷結果：股票代碼欄=代號 ↕名稱, 股票名稱欄=None, 權重欄=權重 ↓, 股數欄=股數 ↕
2026-08-21 06:41:06,039 [INFO] 欄位判斷結果：股票代碼欄=代號 ↕名稱, 股票名稱欄=None, 權重欄=權重 ↓, 股數欄=股數 ↕
2026-08-21 06:41:06,061 [INFO] 00981A 已完成每日異動比較，有異動 5 筆，基準檔案：etf_holdings/2026-08-20_00981A_full_holdings.xlsx
2026-08-21 06:41:06,061 [INFO] 開始抓取完整持股: 00991A https://www.etfinfo.tw/etf/00991A/holdings
2026-08-21 06:41:11,525 [INFO] 00991A 第 1 頁抓到 15 筆
2026-08-21 06:41:12,822 [INFO] 00991A 第 2 頁抓到 15 筆
2026-08-21 06:41:14,129 [INFO] 00991A 第 3 頁抓到 15 筆
2026-08-21 06:41:15,395 [INFO] 00991A 第 4 頁抓到 5 筆
2026-08-21 06:41:15,423 [INFO] 00991A 沒有下一頁，翻頁結束
2026-08-21 06:41:15,476 [INFO] 欄位判斷結果：股票代碼欄=代號 ↕名稱, 股票名稱欄=None, 權重欄=權重 ↓, 股數欄=股數 ↕
2026-08-21 06:41:15,481 [INFO] 00991A 完整抓取完成，去重後共 50 筆
2026-08-21 06:41:15,552 [INFO] 00991A Excel 已儲存: etf_holdings/2026-08-21_00991A_full_holdings.xlsx
2026-08-21 06:41:15,575 [INFO] 欄位判斷結果：股票代碼欄=代號 ↕名稱, 股票名稱欄=None, 權重欄=權重 ↓, 股數欄=股數 ↕
2026-08-21 06:41:15,588 [INFO] 欄位判斷結果：股票代碼欄=代號 ↕名稱, 股票名稱欄=None, 權重欄=權重 ↓, 股數欄=股數 ↕
2026-08-21 06:41:15,609 [INFO] 00991A 已完成每日異動比較，有異動 5 筆，基準檔案：etf_holdings/2026-08-20_00991A_full_holdings.xlsx
2026-08-21 06:41:15,610 [INFO] 開始抓取完整持股: 00980A https://www.etfinfo.tw/etf/00980A/holdings
2026-08-21 06:42:15,717 [ERROR] 00980A 抓取失敗: Page.goto: Timeout 60000ms exceeded.
Call log:
  - navigating to "https://www.etfinfo.tw/etf/00980A/holdings", waiting until "networkidle"

2026-08-21 06:42:15,717 [INFO] 開始抓取完整持股: 00982A https://www.etfinfo.tw/etf/00982A/holdings
2026-08-21 06:42:20,460 [INFO] 00982A 第 1 頁抓到 15 筆
2026-08-21 06:42:21,763 [INFO] 00982A 第 2 頁抓到 15 筆
2026-08-21 06:42:23,039 [INFO] 00982A 第 3 頁抓到 15 筆
2026-08-21 06:42:24,322 [INFO] 00982A 第 4 頁抓到 13 筆
2026-08-21 06:42:24,362 [INFO] 00982A 沒有下一頁，翻頁結束
2026-08-21 06:42:24,409 [INFO] 欄位判斷結果：股票代碼欄=代號 ↕名稱, 股票名稱欄=None, 權重欄=權重 ↓, 股數欄=股數 ↕
2026-08-21 06:42:24,413 [INFO] 00982A 完整抓取完成，去重後共 58 筆
2026-08-21 06:42:24,457 [INFO] 00982A Excel 已儲存: etf_holdings/2026-08-21_00982A_full_holdings.xlsx
2026-08-21 06:42:24,483 [INFO] 欄位判斷結果：股票代碼欄=代號 ↕名稱, 股票名稱欄=None, 權重欄=權重 ↓, 股數欄=股數 ↕
2026-08-21 06:42:24,496 [INFO] 欄位判斷結果：股票代碼欄=代號 ↕名稱, 股票名稱欄=None, 權重欄=權重 ↓, 股數欄=股數 ↕
2026-08-21 06:42:24,520 [INFO] 00982A 已完成每日異動比較，有異動 44 筆，基準檔案：etf_holdings/2026-08-20_00982A_full_holdings.xlsx
2026-08-21 06:42:24,520 [INFO] 開始抓取完整持股: 00403A https://www.etfinfo.tw/etf/00403A/holdings
2026-08-21 06:42:29,784 [INFO] 00403A 第 1 頁抓到 15 筆
2026-08-21 06:42:31,083 [INFO] 00403A 第 2 頁抓到 15 筆
2026-08-21 06:42:32,375 [INFO] 00403A 第 3 頁抓到 15 筆
2026-08-21 06:42:33,643 [INFO] 00403A 第 4 頁抓到 5 筆
2026-08-21 06:42:33,686 [INFO] 00403A 沒有下一頁，翻頁結束
2026-08-21 06:42:33,735 [INFO] 欄位判斷結果：股票代碼欄=代號 ↕名稱, 股票名稱欄=None, 權重欄=權重 ↓, 股數欄=股數 ↕
2026-08-21 06:42:33,739 [INFO] 00403A 完整抓取完成，去重後共 50 筆
2026-08-21 06:42:33,760 [INFO] 00403A Excel 已儲存: etf_holdings/2026-08-21_00403A_full_holdings.xlsx
2026-08-21 06:42:33,783 [INFO] 欄位判斷結果：股票代碼欄=代號 ↕名稱, 股票名稱欄=None, 權重欄=權重 ↓, 股數欄=股數 ↕
2026-08-21 06:42:33,796 [INFO] 欄位判斷結果：股票代碼欄=代號 ↕名稱, 股票名稱欄=None, 權重欄=權重 ↓, 股數欄=股數 ↕
2026-08-21 06:42:33,817 [INFO] 00403A 已完成每日異動比較，有異動 7 筆，基準檔案：etf_holdings/2026-08-20_00403A_full_holdings.xlsx
2026-08-21 06:42:33,817 [INFO] 開始抓取完整持股: 00985A https://www.etfinfo.tw/etf/00985A/holdings
2026-08-21 06:42:39,522 [INFO] 00985A 第 1 頁抓到 15 筆
2026-08-21 06:42:40,812 [INFO] 00985A 第 2 頁抓到 15 筆
2026-08-21 06:42:42,089 [INFO] 00985A 第 3 頁抓到 15 筆
2026-08-21 06:42:43,358 [INFO] 00985A 第 4 頁抓到 5 筆
2026-08-21 06:42:43,383 [INFO] 00985A 沒有下一頁，翻頁結束
2026-08-21 06:42:43,438 [INFO] 欄位判斷結果：股票代碼欄=代號 ↕名稱, 股票名稱欄=None, 權重欄=權重 ↓, 股數欄=股數 ↕
2026-08-21 06:42:43,442 [INFO] 00985A 完整抓取完成，去重後共 50 筆
2026-08-21 06:42:43,464 [INFO] 00985A Excel 已儲存: etf_holdings/2026-08-21_00985A_full_holdings.xlsx
2026-08-21 06:42:43,487 [INFO] 欄位判斷結果：股票代碼欄=代號 ↕名稱, 股票名稱欄=None, 權重欄=權重 ↓, 股數欄=股數 ↕
2026-08-21 06:42:43,500 [INFO] 欄位判斷結果：股票代碼欄=代號 ↕名稱, 股票名稱欄=None, 權重欄=權重 ↓, 股數欄=股數 ↕
2026-08-21 06:42:43,521 [INFO] 00985A 已完成每日異動比較，有異動 11 筆，基準檔案：etf_holdings/2026-08-20_00985A_full_holdings.xlsx
2026-08-21 06:42:43,875 [INFO] 合併完整持股檔已儲存: etf_holdings/2026-08-21_active_etf_full_holdings_all.xlsx
2026-08-21 06:42:43,894 [INFO] 每日異動 Excel 已儲存: etf_holdings/2026-08-21_daily_changes_changed_only.xlsx
2026-08-21 06:42:43,971 [INFO] 共同每日異動股票共 11 檔
2026-08-21 06:42:43,971 [INFO] 共同每日異動 Excel 已儲存: etf_holdings/2026-08-21_common_daily_changes_min2_00981A_00991A_00980A_00982A_00403A_00985A.xlsx
2026-08-21 06:42:43,971 [INFO] 共同每日異動 Summary 已儲存: etf_holdings/2026-08-21_common_daily_changes_summary.xlsx
2026-08-21 06:42:43,982 [INFO] 欄位判斷結果：股票代碼欄=代號 ↕名稱, 股票名稱欄=None, 權重欄=權重 ↓, 股數欄=股數 ↕
2026-08-21 06:42:43,987 [WARNING] 指定 ETF 沒有找到全部共同持股。
2026-08-21 06:42:43,992 [WARNING] 錯誤報告已儲存: etf_holdings/2026-08-21_errors.xlsx
2026-08-21 06:42:43,992 [INFO] 程式結束
2026-08-21 06:47:40,620 [INFO] 開始抓取主動式 ETF 完整持股明細
2026-08-21 06:47:40,938 [INFO] 嘗試使用 channel='msedge' 啟動 Microsoft Edge
2026-08-21 06:48:06,736 [INFO] 開始抓取完整持股: 00981A https://www.etfinfo.tw/etf/00981A/holdings
2026-08-21 06:48:19,185 [INFO] 00981A 第 1 頁抓到 15 筆
2026-08-21 06:48:22,052 [INFO] 00981A 第 2 頁抓到 15 筆
2026-08-21 06:48:23,348 [INFO] 00981A 第 3 頁抓到 15 筆
2026-08-21 06:48:24,618 [INFO] 00981A 第 4 頁抓到 6 筆
2026-08-21 06:48:24,648 [INFO] 00981A 沒有下一頁，翻頁結束
2026-08-21 06:48:24,818 [INFO] 欄位判斷結果：股票代碼欄=代號 ↕名稱, 股票名稱欄=None, 權重欄=權重 ↓, 股數欄=股數 ↕
2026-08-21 06:48:24,821 [INFO] 00981A 完整抓取完成，去重後共 50 筆
2026-08-21 06:48:25,058 [INFO] 00981A Excel 已儲存: etf_holdings/2026-08-21_00981A_full_holdings.xlsx
2026-08-21 06:48:25,078 [INFO] 欄位判斷結果：股票代碼欄=代號 ↕名稱, 股票名稱欄=None, 權重欄=權重 ↓, 股數欄=股數 ↕
2026-08-21 06:48:25,089 [INFO] 欄位判斷結果：股票代碼欄=代號 ↕名稱, 股票名稱欄=None, 權重欄=權重 ↓, 股數欄=股數 ↕
2026-08-21 06:48:25,108 [INFO] 00981A 已完成每日異動比較，有異動 5 筆，基準檔案：etf_holdings/2026-08-20_00981A_full_holdings.xlsx
2026-08-21 06:48:25,108 [INFO] 開始抓取完整持股: 00991A https://www.etfinfo.tw/etf/00991A/holdings
2026-08-21 06:49:25,201 [ERROR] 00991A 抓取失敗: Page.goto: Timeout 60000ms exceeded.
Call log:
  - navigating to "https://www.etfinfo.tw/etf/00991A/holdings", waiting until "networkidle"

2026-08-21 06:49:25,201 [INFO] 開始抓取完整持股: 00980A https://www.etfinfo.tw/etf/00980A/holdings
2026-08-21 06:49:31,216 [INFO] 00980A 第 1 頁抓到 15 筆
2026-08-21 06:49:32,521 [INFO] 00980A 第 2 頁抓到 15 筆
2026-08-21 06:49:33,811 [INFO] 00980A 第 3 頁抓到 15 筆
2026-08-21 06:49:35,080 [INFO] 00980A 第 4 頁抓到 5 筆
2026-08-21 06:49:35,155 [INFO] 00980A 沒有下一頁，翻頁結束
2026-08-21 06:49:35,224 [INFO] 欄位判斷結果：股票代碼欄=代號 ↕名稱, 股票名稱欄=None, 權重欄=權重 ↓, 股數欄=股數 ↕
2026-08-21 06:49:35,229 [INFO] 00980A 完整抓取完成，去重後共 50 筆
2026-08-21 06:49:35,250 [INFO] 00980A Excel 已儲存: etf_holdings/2026-08-21_00980A_full_holdings.xlsx
2026-08-21 06:49:35,271 [INFO] 欄位判斷結果：股票代碼欄=代號 ↕名稱, 股票名稱欄=None, 權重欄=權重 ↓, 股數欄=股數 ↕
2026-08-21 06:49:35,281 [INFO] 欄位判斷結果：股票代碼欄=代號 ↕名稱, 股票名稱欄=None, 權重欄=權重 ↓, 股數欄=股數 ↕
2026-08-21 06:49:35,299 [INFO] 00980A 已完成每日異動比較，有異動 6 筆，基準檔案：etf_holdings/2026-08-20_00980A_full_holdings.xlsx
2026-08-21 06:49:35,299 [INFO] 開始抓取完整持股: 00982A https://www.etfinfo.tw/etf/00982A/holdings
2026-08-21 06:50:35,396 [ERROR] 00982A 抓取失敗: Page.goto: Timeout 60000ms exceeded.
Call log:
  - navigating to "https://www.etfinfo.tw/etf/00982A/holdings", waiting until "networkidle"

2026-08-21 06:50:35,396 [INFO] 開始抓取完整持股: 00403A https://www.etfinfo.tw/etf/00403A/holdings
2026-08-21 06:51:35,499 [ERROR] 00403A 抓取失敗: Page.goto: Timeout 60000ms exceeded.
Call log:
  - navigating to "https://www.etfinfo.tw/etf/00403A/holdings", waiting until "networkidle"

2026-08-21 06:51:35,500 [INFO] 開始抓取完整持股: 00985A https://www.etfinfo.tw/etf/00985A/holdings
2026-08-21 06:51:40,604 [INFO] 00985A 第 1 頁抓到 15 筆
2026-08-21 06:51:41,893 [INFO] 00985A 第 2 頁抓到 15 筆
2026-08-21 06:51:43,172 [INFO] 00985A 第 3 頁抓到 15 筆
2026-08-21 06:51:44,440 [INFO] 00985A 第 4 頁抓到 5 筆
2026-08-21 06:51:44,468 [INFO] 00985A 沒有下一頁，翻頁結束
2026-08-21 06:51:44,517 [INFO] 欄位判斷結果：股票代碼欄=代號 ↕名稱, 股票名稱欄=None, 權重欄=權重 ↓, 股數欄=股數 ↕
2026-08-21 06:51:44,520 [INFO] 00985A 完整抓取完成，去重後共 50 筆
2026-08-21 06:51:44,540 [INFO] 00985A Excel 已儲存: etf_holdings/2026-08-21_00985A_full_holdings.xlsx
2026-08-21 06:51:44,559 [INFO] 欄位判斷結果：股票代碼欄=代號 ↕名稱, 股票名稱欄=None, 權重欄=權重 ↓, 股數欄=股數 ↕
2026-08-21 06:51:44,570 [INFO] 欄位判斷結果：股票代碼欄=代號 ↕名稱, 股票名稱欄=None, 權重欄=權重 ↓, 股數欄=股數 ↕
2026-08-21 06:51:44,587 [INFO] 00985A 已完成每日異動比較，有異動 11 筆，基準檔案：etf_holdings/2026-08-20_00985A_full_holdings.xlsx
2026-08-21 06:51:45,169 [INFO] 合併完整持股檔已儲存: etf_holdings/2026-08-21_active_etf_full_holdings_all.xlsx
2026-08-21 06:51:45,178 [INFO] 每日異動 Excel 已儲存: etf_holdings/2026-08-21_daily_changes_changed_only.xlsx
2026-08-21 06:51:45,225 [INFO] 共同每日異動股票共 3 檔
2026-08-21 06:51:45,225 [INFO] 共同每日異動 Excel 已儲存: etf_holdings/2026-08-21_common_daily_changes_min2_00981A_00991A_00980A_00982A_00403A_00985A.xlsx
2026-08-21 06:51:45,226 [INFO] 共同每日異動 Summary 已儲存: etf_holdings/2026-08-21_common_daily_changes_summary.xlsx
2026-08-21 06:51:45,235 [INFO] 欄位判斷結果：股票代碼欄=代號 ↕名稱, 股票名稱欄=None, 權重欄=權重 ↓, 股數欄=股數 ↕
2026-08-21 06:51:45,239 [WARNING] 指定 ETF 沒有找到全部共同持股。
2026-08-21 06:51:45,244 [WARNING] 錯誤報告已儲存: etf_holdings/2026-08-21_errors.xlsx
2026-08-21 06:51:45,244 [INFO] 程式結束
2026-08-21 06:53:46,872 [INFO] 開始抓取主動式 ETF 完整持股明細
2026-08-21 06:53:47,203 [INFO] 嘗試使用 channel='msedge' 啟動 Microsoft Edge
2026-08-21 06:54:05,479 [INFO] 開始抓取完整持股: 00981A https://www.etfinfo.tw/etf/00981A/holdings
2026-08-21 06:54:17,202 [INFO] 00981A 第 1 頁抓到 15 筆
2026-08-21 06:54:21,014 [INFO] 00981A 第 2 頁抓到 15 筆
2026-08-21 06:54:22,308 [INFO] 00981A 第 3 頁抓到 15 筆
2026-08-21 06:54:23,578 [INFO] 00981A 第 4 頁抓到 6 筆
2026-08-21 06:54:23,604 [INFO] 00981A 沒有下一頁，翻頁結束
2026-08-21 06:54:23,800 [INFO] 欄位判斷結果：股票代碼欄=代號 ↕名稱, 股票名稱欄=None, 權重欄=權重 ↓, 股數欄=股數 ↕
2026-08-21 06:54:23,805 [INFO] 00981A 完整抓取完成，去重後共 50 筆
2026-08-21 06:54:23,912 [INFO] 00981A Excel 已儲存: etf_holdings/2026-08-21_00981A_full_holdings.xlsx
2026-08-21 06:54:23,937 [INFO] 欄位判斷結果：股票代碼欄=代號 ↕名稱, 股票名稱欄=None, 權重欄=權重 ↓, 股數欄=股數 ↕
2026-08-21 06:54:23,952 [INFO] 欄位判斷結果：股票代碼欄=代號 ↕名稱, 股票名稱欄=None, 權重欄=權重 ↓, 股數欄=股數 ↕
2026-08-21 06:54:23,974 [INFO] 00981A 已完成每日異動比較，有異動 5 筆，基準檔案：etf_holdings/2026-08-20_00981A_full_holdings.xlsx
2026-08-21 06:54:23,974 [INFO] 開始抓取完整持股: 00991A https://www.etfinfo.tw/etf/00991A/holdings
2026-08-21 06:54:29,014 [INFO] 00991A 第 1 頁抓到 15 筆
2026-08-21 06:54:30,318 [INFO] 00991A 第 2 頁抓到 15 筆
2026-08-21 06:54:31,607 [INFO] 00991A 第 3 頁抓到 15 筆
2026-08-21 06:54:32,883 [INFO] 00991A 第 4 頁抓到 5 筆
2026-08-21 06:54:32,911 [INFO] 00991A 沒有下一頁，翻頁結束
2026-08-21 06:54:32,959 [INFO] 欄位判斷結果：股票代碼欄=代號 ↕名稱, 股票名稱欄=None, 權重欄=權重 ↓, 股數欄=股數 ↕
2026-08-21 06:54:32,963 [INFO] 00991A 完整抓取完成，去重後共 50 筆
2026-08-21 06:54:32,982 [INFO] 00991A Excel 已儲存: etf_holdings/2026-08-21_00991A_full_holdings.xlsx
2026-08-21 06:54:33,005 [INFO] 欄位判斷結果：股票代碼欄=代號 ↕名稱, 股票名稱欄=None, 權重欄=權重 ↓, 股數欄=股數 ↕
2026-08-21 06:54:33,018 [INFO] 欄位判斷結果：股票代碼欄=代號 ↕名稱, 股票名稱欄=None, 權重欄=權重 ↓, 股數欄=股數 ↕
2026-08-21 06:54:33,039 [INFO] 00991A 已完成每日異動比較，有異動 5 筆，基準檔案：etf_holdings/2026-08-20_00991A_full_holdings.xlsx
2026-08-21 06:54:33,039 [INFO] 開始抓取完整持股: 00980A https://www.etfinfo.tw/etf/00980A/holdings
2026-08-21 06:54:38,107 [INFO] 00980A 第 1 頁抓到 15 筆
2026-08-21 06:54:39,412 [INFO] 00980A 第 2 頁抓到 15 筆
2026-08-21 06:54:40,707 [INFO] 00980A 第 3 頁抓到 15 筆
2026-08-21 06:54:41,984 [INFO] 00980A 第 4 頁抓到 5 筆
2026-08-21 06:54:42,010 [INFO] 00980A 沒有下一頁，翻頁結束
2026-08-21 06:54:42,057 [INFO] 欄位判斷結果：股票代碼欄=代號 ↕名稱, 股票名稱欄=None, 權重欄=權重 ↓, 股數欄=股數 ↕
2026-08-21 06:54:42,062 [INFO] 00980A 完整抓取完成，去重後共 50 筆
2026-08-21 06:54:42,081 [INFO] 00980A Excel 已儲存: etf_holdings/2026-08-21_00980A_full_holdings.xlsx
2026-08-21 06:54:42,125 [INFO] 欄位判斷結果：股票代碼欄=代號 ↕名稱, 股票名稱欄=None, 權重欄=權重 ↓, 股數欄=股數 ↕
2026-08-21 06:54:42,138 [INFO] 欄位判斷結果：股票代碼欄=代號 ↕名稱, 股票名稱欄=None, 權重欄=權重 ↓, 股數欄=股數 ↕
2026-08-21 06:54:42,159 [INFO] 00980A 已完成每日異動比較，有異動 6 筆，基準檔案：etf_holdings/2026-08-20_00980A_full_holdings.xlsx
2026-08-21 06:54:42,159 [INFO] 開始抓取完整持股: 00982A https://www.etfinfo.tw/etf/00982A/holdings
2026-08-21 06:54:46,768 [INFO] 00982A 第 1 頁抓到 15 筆
2026-08-21 06:54:48,064 [INFO] 00982A 第 2 頁抓到 15 筆
2026-08-21 06:54:49,355 [INFO] 00982A 第 3 頁抓到 15 筆
2026-08-21 06:54:50,639 [INFO] 00982A 第 4 頁抓到 13 筆
2026-08-21 06:54:50,668 [INFO] 00982A 沒有下一頁，翻頁結束
2026-08-21 06:54:50,717 [INFO] 欄位判斷結果：股票代碼欄=代號 ↕名稱, 股票名稱欄=None, 權重欄=權重 ↓, 股數欄=股數 ↕
2026-08-21 06:54:50,720 [INFO] 00982A 完整抓取完成，去重後共 58 筆
2026-08-21 06:54:50,740 [INFO] 00982A Excel 已儲存: etf_holdings/2026-08-21_00982A_full_holdings.xlsx
2026-08-21 06:54:50,765 [INFO] 欄位判斷結果：股票代碼欄=代號 ↕名稱, 股票名稱欄=None, 權重欄=權重 ↓, 股數欄=股數 ↕
2026-08-21 06:54:50,779 [INFO] 欄位判斷結果：股票代碼欄=代號 ↕名稱, 股票名稱欄=None, 權重欄=權重 ↓, 股數欄=股數 ↕
2026-08-21 06:54:50,802 [INFO] 00982A 已完成每日異動比較，有異動 44 筆，基準檔案：etf_holdings/2026-08-20_00982A_full_holdings.xlsx
2026-08-21 06:54:50,802 [INFO] 開始抓取完整持股: 00403A https://www.etfinfo.tw/etf/00403A/holdings
2026-08-21 06:54:55,494 [INFO] 00403A 第 1 頁抓到 15 筆
2026-08-21 06:54:56,798 [INFO] 00403A 第 2 頁抓到 15 筆
2026-08-21 06:54:58,088 [INFO] 00403A 第 3 頁抓到 15 筆
2026-08-21 06:54:59,355 [INFO] 00403A 第 4 頁抓到 5 筆
2026-08-21 06:54:59,381 [INFO] 00403A 沒有下一頁，翻頁結束
2026-08-21 06:54:59,441 [INFO] 欄位判斷結果：股票代碼欄=代號 ↕名稱, 股票名稱欄=None, 權重欄=權重 ↓, 股數欄=股數 ↕
2026-08-21 06:54:59,446 [INFO] 00403A 完整抓取完成，去重後共 50 筆
2026-08-21 06:54:59,464 [INFO] 00403A Excel 已儲存: etf_holdings/2026-08-21_00403A_full_holdings.xlsx
2026-08-21 06:54:59,486 [INFO] 欄位判斷結果：股票代碼欄=代號 ↕名稱, 股票名稱欄=None, 權重欄=權重 ↓, 股數欄=股數 ↕
2026-08-21 06:54:59,499 [INFO] 欄位判斷結果：股票代碼欄=代號 ↕名稱, 股票名稱欄=None, 權重欄=權重 ↓, 股數欄=股數 ↕
2026-08-21 06:54:59,520 [INFO] 00403A 已完成每日異動比較，有異動 7 筆，基準檔案：etf_holdings/2026-08-20_00403A_full_holdings.xlsx
2026-08-21 06:54:59,520 [INFO] 開始抓取完整持股: 00985A https://www.etfinfo.tw/etf/00985A/holdings
2026-08-21 06:55:03,627 [INFO] 00985A 第 1 頁抓到 15 筆
2026-08-21 06:55:04,929 [INFO] 00985A 第 2 頁抓到 15 筆
2026-08-21 06:55:06,224 [INFO] 00985A 第 3 頁抓到 15 筆
2026-08-21 06:55:07,489 [INFO] 00985A 第 4 頁抓到 5 筆
2026-08-21 06:55:07,516 [INFO] 00985A 沒有下一頁，翻頁結束
2026-08-21 06:55:07,563 [INFO] 欄位判斷結果：股票代碼欄=代號 ↕名稱, 股票名稱欄=None, 權重欄=權重 ↓, 股數欄=股數 ↕
2026-08-21 06:55:07,567 [INFO] 00985A 完整抓取完成，去重後共 50 筆
2026-08-21 06:55:07,588 [INFO] 00985A Excel 已儲存: etf_holdings/2026-08-21_00985A_full_holdings.xlsx
2026-08-21 06:55:07,610 [INFO] 欄位判斷結果：股票代碼欄=代號 ↕名稱, 股票名稱欄=None, 權重欄=權重 ↓, 股數欄=股數 ↕
2026-08-21 06:55:07,623 [INFO] 欄位判斷結果：股票代碼欄=代號 ↕名稱, 股票名稱欄=None, 權重欄=權重 ↓, 股數欄=股數 ↕
2026-08-21 06:55:07,643 [INFO] 00985A 已完成每日異動比較，有異動 11 筆，基準檔案：etf_holdings/2026-08-20_00985A_full_holdings.xlsx
2026-08-21 06:55:08,047 [INFO] 合併完整持股檔已儲存: etf_holdings/2026-08-21_active_etf_full_holdings_all.xlsx
2026-08-21 06:55:08,067 [INFO] 每日異動 Excel 已儲存: etf_holdings/2026-08-21_daily_changes_changed_only.xlsx
2026-08-21 06:55:08,155 [INFO] 共同每日異動股票共 12 檔
2026-08-21 06:55:08,155 [INFO] 共同每日異動 Excel 已儲存: etf_holdings/2026-08-21_common_daily_changes_min2_00981A_00991A_00980A_00982A_00403A_00985A.xlsx
2026-08-21 06:55:08,155 [INFO] 共同每日異動 Summary 已儲存: etf_holdings/2026-08-21_common_daily_changes_summary.xlsx
2026-08-21 06:55:08,167 [INFO] 欄位判斷結果：股票代碼欄=代號 ↕名稱, 股票名稱欄=None, 權重欄=權重 ↓, 股數欄=股數 ↕
2026-08-21 06:55:08,227 [INFO] 全部 ETF 共同持股共 10 檔
2026-08-21 06:55:08,227 [INFO] 全部共同持股 Excel 已儲存: etf_holdings/2026-08-21_common_holdings_all_00981A_00991A_00980A_00982A_00403A_00985A.xlsx
2026-08-21 06:55:08,228 [INFO] 程式結束
2026-08-21 08:06:13,416 [INFO] 開始抓取主動式 ETF 完整持股明細
2026-08-21 08:06:13,730 [INFO] 嘗試使用 channel='msedge' 啟動 Microsoft Edge
2026-08-21 08:06:33,642 [INFO] 開始抓取完整持股: 00981A https://www.etfinfo.tw/etf/00981A/holdings
2026-08-21 08:06:48,901 [INFO] 00981A 第 1 頁抓到 15 筆
2026-08-21 08:06:50,298 [INFO] 00981A 第 2 頁抓到 15 筆
2026-08-21 08:06:51,590 [INFO] 00981A 第 3 頁抓到 15 筆
2026-08-21 08:06:52,861 [INFO] 00981A 第 4 頁抓到 6 筆
2026-08-21 08:06:52,888 [INFO] 00981A 沒有下一頁，翻頁結束
2026-08-21 08:06:52,994 [INFO] 欄位判斷結果：股票代碼欄=代號 ↕名稱, 股票名稱欄=None, 權重欄=權重 ↓, 股數欄=股數 ↕
2026-08-21 08:06:52,997 [INFO] 00981A 完整抓取完成，去重後共 50 筆
2026-08-21 08:06:53,133 [INFO] 00981A Excel 已儲存: etf_holdings/2026-08-21_00981A_full_holdings.xlsx
2026-08-21 08:06:53,154 [INFO] 欄位判斷結果：股票代碼欄=代號 ↕名稱, 股票名稱欄=None, 權重欄=權重 ↓, 股數欄=股數 ↕
2026-08-21 08:06:53,165 [INFO] 欄位判斷結果：股票代碼欄=代號 ↕名稱, 股票名稱欄=None, 權重欄=權重 ↓, 股數欄=股數 ↕
2026-08-21 08:06:53,185 [INFO] 00981A 已完成每日異動比較，有異動 5 筆，基準檔案：etf_holdings/2026-08-20_00981A_full_holdings.xlsx
2026-08-21 08:06:53,185 [INFO] 開始抓取完整持股: 00991A https://www.etfinfo.tw/etf/00991A/holdings
2026-08-21 08:06:58,805 [INFO] 00991A 第 1 頁抓到 15 筆
2026-08-21 08:07:00,097 [INFO] 00991A 第 2 頁抓到 15 筆
2026-08-21 08:07:01,371 [INFO] 00991A 第 3 頁抓到 15 筆
2026-08-21 08:07:02,641 [INFO] 00991A 第 4 頁抓到 5 筆
2026-08-21 08:07:02,666 [INFO] 00991A 沒有下一頁，翻頁結束
2026-08-21 08:07:02,716 [INFO] 欄位判斷結果：股票代碼欄=代號 ↕名稱, 股票名稱欄=None, 權重欄=權重 ↓, 股數欄=股數 ↕
2026-08-21 08:07:02,720 [INFO] 00991A 完整抓取完成，去重後共 50 筆
2026-08-21 08:07:02,739 [INFO] 00991A Excel 已儲存: etf_holdings/2026-08-21_00991A_full_holdings.xlsx
2026-08-21 08:07:02,759 [INFO] 欄位判斷結果：股票代碼欄=代號 ↕名稱, 股票名稱欄=None, 權重欄=權重 ↓, 股數欄=股數 ↕
2026-08-21 08:07:02,771 [INFO] 欄位判斷結果：股票代碼欄=代號 ↕名稱, 股票名稱欄=None, 權重欄=權重 ↓, 股數欄=股數 ↕
2026-08-21 08:07:02,789 [INFO] 00991A 已完成每日異動比較，有異動 5 筆，基準檔案：etf_holdings/2026-08-20_00991A_full_holdings.xlsx
2026-08-21 08:07:02,789 [INFO] 開始抓取完整持股: 00980A https://www.etfinfo.tw/etf/00980A/holdings
2026-08-21 08:07:08,455 [INFO] 00980A 第 1 頁抓到 15 筆
2026-08-21 08:07:09,748 [INFO] 00980A 第 2 頁抓到 15 筆
2026-08-21 08:07:11,038 [INFO] 00980A 第 3 頁抓到 15 筆
2026-08-21 08:07:12,309 [INFO] 00980A 第 4 頁抓到 5 筆
2026-08-21 08:07:12,334 [INFO] 00980A 沒有下一頁，翻頁結束
2026-08-21 08:07:12,384 [INFO] 欄位判斷結果：股票代碼欄=代號 ↕名稱, 股票名稱欄=None, 權重欄=權重 ↓, 股數欄=股數 ↕
2026-08-21 08:07:12,387 [INFO] 00980A 完整抓取完成，去重後共 50 筆
2026-08-21 08:07:12,406 [INFO] 00980A Excel 已儲存: etf_holdings/2026-08-21_00980A_full_holdings.xlsx
2026-08-21 08:07:12,448 [INFO] 欄位判斷結果：股票代碼欄=代號 ↕名稱, 股票名稱欄=None, 權重欄=權重 ↓, 股數欄=股數 ↕
2026-08-21 08:07:12,459 [INFO] 欄位判斷結果：股票代碼欄=代號 ↕名稱, 股票名稱欄=None, 權重欄=權重 ↓, 股數欄=股數 ↕
2026-08-21 08:07:12,478 [INFO] 00980A 已完成每日異動比較，有異動 6 筆，基準檔案：etf_holdings/2026-08-20_00980A_full_holdings.xlsx
2026-08-21 08:07:12,478 [INFO] 開始抓取完整持股: 00982A https://www.etfinfo.tw/etf/00982A/holdings
2026-08-21 08:07:17,839 [INFO] 00982A 第 1 頁抓到 15 筆
2026-08-21 08:07:19,129 [INFO] 00982A 第 2 頁抓到 15 筆
2026-08-21 08:07:20,401 [INFO] 00982A 第 3 頁抓到 15 筆
2026-08-21 08:07:21,685 [INFO] 00982A 第 4 頁抓到 13 筆
2026-08-21 08:07:21,725 [INFO] 00982A 沒有下一頁，翻頁結束
2026-08-21 08:07:21,768 [INFO] 欄位判斷結果：股票代碼欄=代號 ↕名稱, 股票名稱欄=None, 權重欄=權重 ↓, 股數欄=股數 ↕
2026-08-21 08:07:21,772 [INFO] 00982A 完整抓取完成，去重後共 58 筆
2026-08-21 08:07:21,792 [INFO] 00982A Excel 已儲存: etf_holdings/2026-08-21_00982A_full_holdings.xlsx
2026-08-21 08:07:21,815 [INFO] 欄位判斷結果：股票代碼欄=代號 ↕名稱, 股票名稱欄=None, 權重欄=權重 ↓, 股數欄=股數 ↕
2026-08-21 08:07:21,827 [INFO] 欄位判斷結果：股票代碼欄=代號 ↕名稱, 股票名稱欄=None, 權重欄=權重 ↓, 股數欄=股數 ↕
2026-08-21 08:07:21,849 [INFO] 00982A 已完成每日異動比較，有異動 44 筆，基準檔案：etf_holdings/2026-08-20_00982A_full_holdings.xlsx
2026-08-21 08:07:21,849 [INFO] 開始抓取完整持股: 00403A https://www.etfinfo.tw/etf/00403A/holdings
2026-08-21 08:07:27,293 [INFO] 00403A 第 1 頁抓到 15 筆
2026-08-21 08:07:28,579 [INFO] 00403A 第 2 頁抓到 15 筆
2026-08-21 08:07:29,886 [INFO] 00403A 第 3 頁抓到 15 筆
2026-08-21 08:07:31,157 [INFO] 00403A 第 4 頁抓到 5 筆
2026-08-21 08:07:31,182 [INFO] 00403A 沒有下一頁，翻頁結束
2026-08-21 08:07:31,239 [INFO] 欄位判斷結果：股票代碼欄=代號 ↕名稱, 股票名稱欄=None, 權重欄=權重 ↓, 股數欄=股數 ↕
2026-08-21 08:07:31,243 [INFO] 00403A 完整抓取完成，去重後共 50 筆
2026-08-21 08:07:31,262 [INFO] 00403A Excel 已儲存: etf_holdings/2026-08-21_00403A_full_holdings.xlsx
2026-08-21 08:07:31,283 [INFO] 欄位判斷結果：股票代碼欄=代號 ↕名稱, 股票名稱欄=None, 權重欄=權重 ↓, 股數欄=股數 ↕
2026-08-21 08:07:31,294 [INFO] 欄位判斷結果：股票代碼欄=代號 ↕名稱, 股票名稱欄=None, 權重欄=權重 ↓, 股數欄=股數 ↕
2026-08-21 08:07:31,312 [INFO] 00403A 已完成每日異動比較，有異動 7 筆，基準檔案：etf_holdings/2026-08-20_00403A_full_holdings.xlsx
2026-08-21 08:07:31,312 [INFO] 開始抓取完整持股: 00985A https://www.etfinfo.tw/etf/00985A/holdings
2026-08-21 08:07:37,342 [INFO] 00985A 第 1 頁抓到 15 筆
2026-08-21 08:07:38,667 [INFO] 00985A 第 2 頁抓到 15 筆
2026-08-21 08:07:39,962 [INFO] 00985A 第 3 頁抓到 15 筆
2026-08-21 08:07:41,253 [INFO] 00985A 第 4 頁抓到 5 筆
2026-08-21 08:07:41,283 [INFO] 00985A 沒有下一頁，翻頁結束
2026-08-21 08:07:41,352 [INFO] 欄位判斷結果：股票代碼欄=代號 ↕名稱, 股票名稱欄=None, 權重欄=權重 ↓, 股數欄=股數 ↕
2026-08-21 08:07:41,360 [INFO] 00985A 完整抓取完成，去重後共 50 筆
2026-08-21 08:07:41,381 [INFO] 00985A Excel 已儲存: etf_holdings/2026-08-21_00985A_full_holdings.xlsx
2026-08-21 08:07:41,401 [INFO] 欄位判斷結果：股票代碼欄=代號 ↕名稱, 股票名稱欄=None, 權重欄=權重 ↓, 股數欄=股數 ↕
2026-08-21 08:07:41,413 [INFO] 欄位判斷結果：股票代碼欄=代號 ↕名稱, 股票名稱欄=None, 權重欄=權重 ↓, 股數欄=股數 ↕
2026-08-21 08:07:41,431 [INFO] 00985A 已完成每日異動比較，有異動 11 筆，基準檔案：etf_holdings/2026-08-20_00985A_full_holdings.xlsx
2026-08-21 08:07:41,808 [INFO] 合併完整持股檔已儲存: etf_holdings/2026-08-21_active_etf_full_holdings_all.xlsx
2026-08-21 08:07:41,827 [INFO] 每日異動 Excel 已儲存: etf_holdings/2026-08-21_daily_changes_changed_only.xlsx
2026-08-21 08:07:41,901 [INFO] 共同每日異動股票共 12 檔
2026-08-21 08:07:41,901 [INFO] 共同每日異動 Excel 已儲存: etf_holdings/2026-08-21_common_daily_changes_min2_00981A_00991A_00980A_00982A_00403A_00985A.xlsx
2026-08-21 08:07:41,901 [INFO] 共同每日異動 Summary 已儲存: etf_holdings/2026-08-21_common_daily_changes_summary.xlsx
2026-08-21 08:07:41,911 [INFO] 欄位判斷結果：股票代碼欄=代號 ↕名稱, 股票名稱欄=None, 權重欄=權重 ↓, 股數欄=股數 ↕
2026-08-21 08:07:41,964 [INFO] 全部 ETF 共同持股共 10 檔
2026-08-21 08:07:41,964 [INFO] 全部共同持股 Excel 已儲存: etf_holdings/2026-08-21_common_holdings_all_00981A_00991A_00980A_00982A_00403A_00985A.xlsx
2026-08-21 08:07:41,964 [INFO] 程式結束
2026-08-21 08:24:05,240 [INFO] 開始抓取主動式 ETF 完整持股明細
2026-08-21 08:24:05,507 [INFO] 嘗試使用 channel='msedge' 啟動 Microsoft Edge
2026-08-21 08:24:27,024 [INFO] 開始抓取完整持股: 00981A https://www.etfinfo.tw/etf/00981A/holdings
2026-08-21 08:24:43,177 [INFO] 00981A 第 1 頁抓到 15 筆
2026-08-21 08:24:44,540 [INFO] 00981A 第 2 頁抓到 15 筆
2026-08-21 08:24:45,820 [INFO] 00981A 第 3 頁抓到 15 筆
2026-08-21 08:24:47,090 [INFO] 00981A 第 4 頁抓到 6 筆
2026-08-21 08:24:47,117 [INFO] 00981A 沒有下一頁，翻頁結束
2026-08-21 08:24:47,259 [INFO] 欄位判斷結果：股票代碼欄=代號 ↕名稱, 股票名稱欄=None, 權重欄=權重 ↓, 股數欄=股數 ↕
2026-08-21 08:24:47,262 [INFO] 00981A 完整抓取完成，去重後共 50 筆
2026-08-21 08:24:47,370 [INFO] 00981A Excel 已儲存: etf_holdings/2026-08-21_00981A_full_holdings.xlsx
2026-08-21 08:24:47,388 [INFO] 欄位判斷結果：股票代碼欄=代號 ↕名稱, 股票名稱欄=None, 權重欄=權重 ↓, 股數欄=股數 ↕
2026-08-21 08:24:47,397 [INFO] 欄位判斷結果：股票代碼欄=代號 ↕名稱, 股票名稱欄=None, 權重欄=權重 ↓, 股數欄=股數 ↕
2026-08-21 08:24:47,413 [INFO] 00981A 已完成每日異動比較，有異動 5 筆，基準檔案：etf_holdings/2026-08-20_00981A_full_holdings.xlsx
2026-08-21 08:24:47,413 [INFO] 開始抓取完整持股: 00991A https://www.etfinfo.tw/etf/00991A/holdings
2026-08-21 08:24:52,787 [INFO] 00991A 第 1 頁抓到 15 筆
2026-08-21 08:24:54,086 [INFO] 00991A 第 2 頁抓到 15 筆
2026-08-21 08:24:55,376 [INFO] 00991A 第 3 頁抓到 15 筆
2026-08-21 08:24:56,640 [INFO] 00991A 第 4 頁抓到 5 筆
2026-08-21 08:24:56,663 [INFO] 00991A 沒有下一頁，翻頁結束
2026-08-21 08:24:56,708 [INFO] 欄位判斷結果：股票代碼欄=代號 ↕名稱, 股票名稱欄=None, 權重欄=權重 ↓, 股數欄=股數 ↕
2026-08-21 08:24:56,712 [INFO] 00991A 完整抓取完成，去重後共 50 筆
2026-08-21 08:24:56,727 [INFO] 00991A Excel 已儲存: etf_holdings/2026-08-21_00991A_full_holdings.xlsx
2026-08-21 08:24:56,743 [INFO] 欄位判斷結果：股票代碼欄=代號 ↕名稱, 股票名稱欄=None, 權重欄=權重 ↓, 股數欄=股數 ↕
2026-08-21 08:24:56,752 [INFO] 欄位判斷結果：股票代碼欄=代號 ↕名稱, 股票名稱欄=None, 權重欄=權重 ↓, 股數欄=股數 ↕
2026-08-21 08:24:56,766 [INFO] 00991A 已完成每日異動比較，有異動 5 筆，基準檔案：etf_holdings/2026-08-20_00991A_full_holdings.xlsx
2026-08-21 08:24:56,766 [INFO] 開始抓取完整持股: 00980A https://www.etfinfo.tw/etf/00980A/holdings
2026-08-21 08:25:02,069 [INFO] 00980A 第 1 頁抓到 15 筆
2026-08-21 08:25:03,355 [INFO] 00980A 第 2 頁抓到 15 筆
2026-08-21 08:25:04,632 [INFO] 00980A 第 3 頁抓到 15 筆
2026-08-21 08:25:05,918 [INFO] 00980A 第 4 頁抓到 5 筆
2026-08-21 08:25:05,942 [INFO] 00980A 沒有下一頁，翻頁結束
2026-08-21 08:25:05,982 [INFO] 欄位判斷結果：股票代碼欄=代號 ↕名稱, 股票名稱欄=None, 權重欄=權重 ↓, 股數欄=股數 ↕
2026-08-21 08:25:05,985 [INFO] 00980A 完整抓取完成，去重後共 50 筆
2026-08-21 08:25:05,998 [INFO] 00980A Excel 已儲存: etf_holdings/2026-08-21_00980A_full_holdings.xlsx
2026-08-21 08:25:06,034 [INFO] 欄位判斷結果：股票代碼欄=代號 ↕名稱, 股票名稱欄=None, 權重欄=權重 ↓, 股數欄=股數 ↕
2026-08-21 08:25:06,042 [INFO] 欄位判斷結果：股票代碼欄=代號 ↕名稱, 股票名稱欄=None, 權重欄=權重 ↓, 股數欄=股數 ↕
2026-08-21 08:25:06,057 [INFO] 00980A 已完成每日異動比較，有異動 6 筆，基準檔案：etf_holdings/2026-08-20_00980A_full_holdings.xlsx
2026-08-21 08:25:06,057 [INFO] 開始抓取完整持股: 00982A https://www.etfinfo.tw/etf/00982A/holdings
2026-08-21 08:25:11,979 [INFO] 00982A 第 1 頁抓到 15 筆
2026-08-21 08:25:13,272 [INFO] 00982A 第 2 頁抓到 15 筆
2026-08-21 08:25:14,553 [INFO] 00982A 第 3 頁抓到 15 筆
2026-08-21 08:25:15,826 [INFO] 00982A 第 4 頁抓到 13 筆
2026-08-21 08:25:15,871 [INFO] 00982A 沒有下一頁，翻頁結束
2026-08-21 08:25:15,939 [INFO] 欄位判斷結果：股票代碼欄=代號 ↕名稱, 股票名稱欄=None, 權重欄=權重 ↓, 股數欄=股數 ↕
2026-08-21 08:25:15,942 [INFO] 00982A 完整抓取完成，去重後共 58 筆
2026-08-21 08:25:15,959 [INFO] 00982A Excel 已儲存: etf_holdings/2026-08-21_00982A_full_holdings.xlsx
2026-08-21 08:25:15,977 [INFO] 欄位判斷結果：股票代碼欄=代號 ↕名稱, 股票名稱欄=None, 權重欄=權重 ↓, 股數欄=股數 ↕
2026-08-21 08:25:16,038 [INFO] 欄位判斷結果：股票代碼欄=代號 ↕名稱, 股票名稱欄=None, 權重欄=權重 ↓, 股數欄=股數 ↕
2026-08-21 08:25:16,057 [INFO] 00982A 已完成每日異動比較，有異動 44 筆，基準檔案：etf_holdings/2026-08-20_00982A_full_holdings.xlsx
2026-08-21 08:25:16,057 [INFO] 開始抓取完整持股: 00403A https://www.etfinfo.tw/etf/00403A/holdings
2026-08-21 08:26:16,130 [ERROR] 00403A 抓取失敗: Page.goto: Timeout 60000ms exceeded.
Call log:
  - navigating to "https://www.etfinfo.tw/etf/00403A/holdings", waiting until "networkidle"

2026-08-21 08:26:16,130 [INFO] 開始抓取完整持股: 00985A https://www.etfinfo.tw/etf/00985A/holdings
2026-08-21 08:27:16,211 [ERROR] 00985A 抓取失敗: Page.goto: Timeout 60000ms exceeded.
Call log:
  - navigating to "https://www.etfinfo.tw/etf/00985A/holdings", waiting until "networkidle"

2026-08-21 08:27:16,817 [INFO] 合併完整持股檔已儲存: etf_holdings/2026-08-21_active_etf_full_holdings_all.xlsx
2026-08-21 08:27:16,829 [INFO] 每日異動 Excel 已儲存: etf_holdings/2026-08-21_daily_changes_changed_only.xlsx
2026-08-21 08:27:16,877 [INFO] 共同每日異動股票共 4 檔
2026-08-21 08:27:16,877 [INFO] 共同每日異動 Excel 已儲存: etf_holdings/2026-08-21_common_daily_changes_min2_00981A_00991A_00980A_00982A_00403A_00985A.xlsx
2026-08-21 08:27:16,877 [INFO] 共同每日異動 Summary 已儲存: etf_holdings/2026-08-21_common_daily_changes_summary.xlsx
2026-08-21 08:27:16,885 [INFO] 欄位判斷結果：股票代碼欄=代號 ↕名稱, 股票名稱欄=None, 權重欄=權重 ↓, 股數欄=股數 ↕
2026-08-21 08:27:16,888 [WARNING] 指定 ETF 沒有找到全部共同持股。
2026-08-21 08:27:16,892 [WARNING] 錯誤報告已儲存: etf_holdings/2026-08-21_errors.xlsx
2026-08-21 08:27:16,892 [INFO] 程式結束
2026-08-21 08:39:57,514 [INFO] 開始抓取主動式 ETF 完整持股明細
2026-08-21 08:39:57,826 [INFO] 嘗試使用 channel='msedge' 啟動 Microsoft Edge
2026-08-21 08:40:14,514 [INFO] 開始抓取完整持股: 00981A https://www.etfinfo.tw/etf/00981A/holdings
2026-08-21 08:40:29,035 [INFO] 00981A 第 1 頁抓到 15 筆
2026-08-21 08:40:30,414 [INFO] 00981A 第 2 頁抓到 15 筆
2026-08-21 08:40:31,700 [INFO] 00981A 第 3 頁抓到 15 筆
2026-08-21 08:40:32,972 [INFO] 00981A 第 4 頁抓到 6 筆
2026-08-21 08:40:33,001 [INFO] 00981A 沒有下一頁，翻頁結束
2026-08-21 08:40:33,104 [INFO] 欄位判斷結果：股票代碼欄=代號 ↕名稱, 股票名稱欄=None, 權重欄=權重 ↓, 股數欄=股數 ↕
2026-08-21 08:40:33,107 [INFO] 00981A 完整抓取完成，去重後共 50 筆
2026-08-21 08:40:33,277 [INFO] 00981A Excel 已儲存: etf_holdings/2026-08-21_00981A_full_holdings.xlsx
2026-08-21 08:40:33,298 [INFO] 欄位判斷結果：股票代碼欄=代號 ↕名稱, 股票名稱欄=None, 權重欄=權重 ↓, 股數欄=股數 ↕
2026-08-21 08:40:33,309 [INFO] 欄位判斷結果：股票代碼欄=代號 ↕名稱, 股票名稱欄=None, 權重欄=權重 ↓, 股數欄=股數 ↕
2026-08-21 08:40:33,327 [INFO] 00981A 已完成每日異動比較，有異動 5 筆，基準檔案：etf_holdings/2026-08-20_00981A_full_holdings.xlsx
2026-08-21 08:40:33,327 [INFO] 開始抓取完整持股: 00991A https://www.etfinfo.tw/etf/00991A/holdings
2026-08-21 08:40:37,849 [INFO] 00991A 第 1 頁抓到 15 筆
2026-08-21 08:40:39,155 [INFO] 00991A 第 2 頁抓到 15 筆
2026-08-21 08:40:40,434 [INFO] 00991A 第 3 頁抓到 15 筆
2026-08-21 08:40:41,704 [INFO] 00991A 第 4 頁抓到 5 筆
2026-08-21 08:40:41,738 [INFO] 00991A 沒有下一頁，翻頁結束
2026-08-21 08:40:41,798 [INFO] 欄位判斷結果：股票代碼欄=代號 ↕名稱, 股票名稱欄=None, 權重欄=權重 ↓, 股數欄=股數 ↕
2026-08-21 08:40:41,801 [INFO] 00991A 完整抓取完成，去重後共 50 筆
2026-08-21 08:40:41,821 [INFO] 00991A Excel 已儲存: etf_holdings/2026-08-21_00991A_full_holdings.xlsx
2026-08-21 08:40:41,843 [INFO] 欄位判斷結果：股票代碼欄=代號 ↕名稱, 股票名稱欄=None, 權重欄=權重 ↓, 股數欄=股數 ↕
2026-08-21 08:40:41,853 [INFO] 欄位判斷結果：股票代碼欄=代號 ↕名稱, 股票名稱欄=None, 權重欄=權重 ↓, 股數欄=股數 ↕
2026-08-21 08:40:41,871 [INFO] 00991A 已完成每日異動比較，有異動 5 筆，基準檔案：etf_holdings/2026-08-20_00991A_full_holdings.xlsx
2026-08-21 08:40:41,871 [INFO] 開始抓取完整持股: 00980A https://www.etfinfo.tw/etf/00980A/holdings
2026-08-21 08:40:46,717 [INFO] 00980A 第 1 頁抓到 15 筆
2026-08-21 08:40:48,010 [INFO] 00980A 第 2 頁抓到 15 筆
2026-08-21 08:40:49,306 [INFO] 00980A 第 3 頁抓到 15 筆
2026-08-21 08:40:50,605 [INFO] 00980A 第 4 頁抓到 5 筆
2026-08-21 08:40:50,634 [INFO] 00980A 沒有下一頁，翻頁結束
2026-08-21 08:40:50,696 [INFO] 欄位判斷結果：股票代碼欄=代號 ↕名稱, 股票名稱欄=None, 權重欄=權重 ↓, 股數欄=股數 ↕
2026-08-21 08:40:50,700 [INFO] 00980A 完整抓取完成，去重後共 50 筆
2026-08-21 08:40:50,720 [INFO] 00980A Excel 已儲存: etf_holdings/2026-08-21_00980A_full_holdings.xlsx
2026-08-21 08:40:50,763 [INFO] 欄位判斷結果：股票代碼欄=代號 ↕名稱, 股票名稱欄=None, 權重欄=權重 ↓, 股數欄=股數 ↕
2026-08-21 08:40:50,774 [INFO] 欄位判斷結果：股票代碼欄=代號 ↕名稱, 股票名稱欄=None, 權重欄=權重 ↓, 股數欄=股數 ↕
2026-08-21 08:40:50,792 [INFO] 00980A 已完成每日異動比較，有異動 6 筆，基準檔案：etf_holdings/2026-08-20_00980A_full_holdings.xlsx
2026-08-21 08:40:50,792 [INFO] 開始抓取完整持股: 00982A https://www.etfinfo.tw/etf/00982A/holdings
2026-08-21 08:40:55,384 [INFO] 00982A 第 1 頁抓到 15 筆
2026-08-21 08:40:56,673 [INFO] 00982A 第 2 頁抓到 15 筆
2026-08-21 08:40:57,947 [INFO] 00982A 第 3 頁抓到 15 筆
2026-08-21 08:40:59,230 [INFO] 00982A 第 4 頁抓到 13 筆
2026-08-21 08:40:59,278 [INFO] 00982A 沒有下一頁，翻頁結束
2026-08-21 08:40:59,325 [INFO] 欄位判斷結果：股票代碼欄=代號 ↕名稱, 股票名稱欄=None, 權重欄=權重 ↓, 股數欄=股數 ↕
2026-08-21 08:40:59,330 [INFO] 00982A 完整抓取完成，去重後共 58 筆
2026-08-21 08:40:59,347 [INFO] 00982A Excel 已儲存: etf_holdings/2026-08-21_00982A_full_holdings.xlsx
2026-08-21 08:40:59,368 [INFO] 欄位判斷結果：股票代碼欄=代號 ↕名稱, 股票名稱欄=None, 權重欄=權重 ↓, 股數欄=股數 ↕
2026-08-21 08:40:59,379 [INFO] 欄位判斷結果：股票代碼欄=代號 ↕名稱, 股票名稱欄=None, 權重欄=權重 ↓, 股數欄=股數 ↕
2026-08-21 08:40:59,399 [INFO] 00982A 已完成每日異動比較，有異動 44 筆，基準檔案：etf_holdings/2026-08-20_00982A_full_holdings.xlsx
2026-08-21 08:40:59,399 [INFO] 開始抓取完整持股: 00403A https://www.etfinfo.tw/etf/00403A/holdings
2026-08-21 08:41:04,504 [INFO] 00403A 第 1 頁抓到 15 筆
2026-08-21 08:41:05,835 [INFO] 00403A 第 2 頁抓到 15 筆
2026-08-21 08:41:07,121 [INFO] 00403A 第 3 頁抓到 15 筆
2026-08-21 08:41:08,404 [INFO] 00403A 第 4 頁抓到 5 筆
2026-08-21 08:41:08,436 [INFO] 00403A 沒有下一頁，翻頁結束
2026-08-21 08:41:08,510 [INFO] 欄位判斷結果：股票代碼欄=代號 ↕名稱, 股票名稱欄=None, 權重欄=權重 ↓, 股數欄=股數 ↕
2026-08-21 08:41:08,513 [INFO] 00403A 完整抓取完成，去重後共 50 筆
2026-08-21 08:41:08,532 [INFO] 00403A Excel 已儲存: etf_holdings/2026-08-21_00403A_full_holdings.xlsx
2026-08-21 08:41:08,552 [INFO] 欄位判斷結果：股票代碼欄=代號 ↕名稱, 股票名稱欄=None, 權重欄=權重 ↓, 股數欄=股數 ↕
2026-08-21 08:41:08,562 [INFO] 欄位判斷結果：股票代碼欄=代號 ↕名稱, 股票名稱欄=None, 權重欄=權重 ↓, 股數欄=股數 ↕
2026-08-21 08:41:08,580 [INFO] 00403A 已完成每日異動比較，有異動 7 筆，基準檔案：etf_holdings/2026-08-20_00403A_full_holdings.xlsx
2026-08-21 08:41:08,580 [INFO] 開始抓取完整持股: 00985A https://www.etfinfo.tw/etf/00985A/holdings
2026-08-21 08:42:08,669 [ERROR] 00985A 抓取失敗: Page.goto: Timeout 60000ms exceeded.
Call log:
  - navigating to "https://www.etfinfo.tw/etf/00985A/holdings", waiting until "networkidle"

2026-08-21 08:42:08,908 [INFO] 合併完整持股檔已儲存: etf_holdings/2026-08-21_active_etf_full_holdings_all.xlsx
2026-08-21 08:42:08,924 [INFO] 每日異動 Excel 已儲存: etf_holdings/2026-08-21_daily_changes_changed_only.xlsx
2026-08-21 08:42:08,980 [INFO] '• 00981A(-200,000)\n• 00991A(-100,000)\n• 00980A(-5,000)'
2026-08-21 08:42:08,989 [INFO] 共同每日異動股票共 8 檔
2026-08-21 08:42:08,989 [INFO] 共同每日異動 Excel 已儲存: etf_holdings/2026-08-21_common_daily_changes_min2_00981A_00991A_00980A_00982A_00403A_00985A.xlsx
2026-08-21 08:42:08,989 [INFO] 共同每日異動 Summary 已儲存: etf_holdings/2026-08-21_common_daily_changes_summary.xlsx
2026-08-21 08:42:08,999 [INFO] 欄位判斷結果：股票代碼欄=代號 ↕名稱, 股票名稱欄=None, 權重欄=權重 ↓, 股數欄=股數 ↕
2026-08-21 08:42:09,003 [WARNING] 指定 ETF 沒有找到全部共同持股。
2026-08-21 08:42:09,008 [WARNING] 錯誤報告已儲存: etf_holdings/2026-08-21_errors.xlsx
2026-08-21 08:42:09,008 [INFO] 程式結束
